listening on 127.0.0.1:8765 -> D:\rblxTRGproject\Data
RECV flow/reactor_flow write 5 9271ee57
RECV flow/reactor_flow append 6 b61f1169
RECV flow/reactor_flow write 17784 26ae5a01
RECV flow/reactor_flow append 1682 98181af0
RECV flow/reactor_flow append 117675 d4ca1c00
RECV flow/reactor_flow append 204989 566df054
RECV flow/reactor_flow append 471123 61a2efd8
RECV flow/reactor_flow append 63 c8d0f977
RECV flow/reactor_flow write 18016 cc6103f1
RECV flow/reactor_flow append 1683 e3fdeaea
RECV flow/reactor_flow append 93970 a8fcc7c6
RECV flow/reactor_flow append 148144 7a6c9982
RECV flow/reactor_flow append 303636 ccc31465
RECV flow/reactor_flow append 63 d7fa5e72
RECV flow/reactor_flow write 18016 cc6103f1
RECV flow/reactor_flow append 1683 e3fdeaea
RECV flow/reactor_flow append 104841 6703d616
RECV flow/reactor_flow append 158672 502a2a93
RECV flow/reactor_flow append 340720 bb1b36c4
RECV flow/reactor_flow append 63 2a78bde3
RECV flow/original_260926-150324 append 404 77315a38
RECV flow/original_260926-150324 append 76 e109741b
RECV flow/original_260926-150324 append 68 ca8fc09f
RECV flow/original_260926-150324 append 68 e036ece3
RECV flow/original_260926-150324 append 68 e1d10f66
RECV flow/original_260926-150324 append 119 c5319e0a
RECV flow/original_260926-150324 append 167 8398e2a3
RECV flow/original_260926-150324 append 68 712d8bda
RECV flow/original_260926-150324 append 72 2b572682
RECV flow/original_260926-150324 append 77 754b643b
RECV flow/original_260926-150324 append 171 59d64685
RECV flow/original_260926-150324 append 171 a59ff271
RECV flow/original_260926-150324 append 69 a7a1dffc
RECV flow/original_260926-150324 append 81 4e4b4fbf
RECV flow/original_260926-150324 append 171 23c85f5c
RECV flow/original_260926-150324 append 81 8a54813a
RECV flow/original_260926-150324 append 77 239ce4ae
RECV flow/original_260926-150324 append 67 264ce085
RECV flow/original_260926-150324 append 81 f9951a8b
RECV flow/original_260926-150324 append 69 1a4de12e
RECV flow/original_260926-150324 append 84 ddc826d4
RECV flow/original_260926-150324 append 24 7593cda3
RECV flow/original_260926-150324 append 27 8e7d09d9
RECV flow/original_260926-150324 append 25 768be355
RECV flow/original_260926-150324 append 29 afeefa84
RECV flow/original_260926-150324 append 27 3192d06b
RECV flow/original_260926-150324 append 24 a46a2879
RECV flow/original_260926-150324 append 29 c87d48d8
RECV flow/original_260926-150324 append 29 a1e572e0
RECV flow/original_260926-150324 append 30 af11ade0
RECV flow/original_260926-150324 append 24 7adbbd1b
RECV flow/original_260926-150324 append 27 b41ec4e2
RECV flow/original_260926-150324 append 32 fcb71c6b
RECV flow/original_260926-150324 append 25 1f3325ad
RECV flow/original_260926-150324 append 24 8c09292e
RECV flow/original_260926-150324 append 24 e07bca16
RECV flow/original_260926-150324 append 26 b9ff386d
RECV flow/original_260926-150324 append 25 8ab8f18b
RECV flow/original_260926-150324 append 26 ef73fc0d
RECV flow/original_260926-150324 append 29 f6092dab
RECV flow/original_260926-150324 append 32 95a74520
RECV flow/original_260926-150324 append 22 41af7cf5
RECV flow/original_260926-150324 append 29 535c404b
RECV flow/original_260926-150324 append 32 fa569b3c
RECV flow/original_260926-150324 append 25 e1366733
RECV flow/original_260926-150324 append 19 01a2aa89
RECV flow/original_260926-150324 append 24 1d16bb78
RECV flow/original_260926-150324 append 27 a7e1f368
RECV flow/original_260926-150324 append 27 1c98e2b0
RECV flow/original_260926-150324 append 19 33c56530
RECV flow/original_260926-150324 append 24 2dc2f6f0
RECV flow/original_260926-150324 append 24 d4311cbc
RECV flow/original_260926-150324 append 24 a84d16bb
RECV flow/original_260926-150324 append 19 af80e9e3
RECV flow/original_260926-150324 append 34 d9dea0bd
RECV flow/original_260926-150324 append 26 f0d5beb1
RECV flow/original_260926-150324 append 19 a7e6b2db
RECV flow/original_260926-150324 append 19 632234ed
RECV flow/original_260926-150324 append 31 67dd2897
RECV flow/original_260926-150324 append 26 e3bac94f
RECV flow/original_260926-150324 append 19 9ee2b059
RECV flow/original_260926-150324 append 26 b1e73d04
RECV flow/original_260926-150324 append 23 f9961cbc
RECV flow/original_260926-150324 append 28 748d16f7
RECV flow/original_260926-150324 append 24 ed718bca
RECV flow/original_260926-150324 append 28 7f20e9c9
RECV flow/original_260926-150324 append 25 51924df1
RECV flow/original_260926-150324 append 25 ca4b3d97
RECV flow/original_260926-150324 append 24 00331ea1
RECV flow/original_260926-150324 append 22 5eff342e
RECV flow/original_260926-150324 append 26 d674b139
RECV flow/original_260926-150324 append 28 7e184030
RECV flow/original_260926-150324 append 927 c5056694
RECV flow/PROBE append 10 45f04894
RECV flow/original_260926-150408 append 404 b1c8b76c
RECV flow/original_260926-150408 append 76 e109741b
RECV flow/original_260926-150408 append 68 ca8fc09f
RECV flow/original_260926-150408 append 68 e036ece3
RECV flow/original_260926-150408 append 68 e1d10f66
RECV flow/original_260926-150408 append 119 c5319e0a
RECV flow/original_260926-150408 append 167 8398e2a3
RECV flow/original_260926-150408 append 68 712d8bda
RECV flow/original_260926-150408 append 72 2b572682
RECV flow/original_260926-150408 append 77 754b643b
RECV flow/original_260926-150408 append 171 59d64685
RECV flow/original_260926-150408 append 171 a59ff271
RECV flow/original_260926-150408 append 69 a7a1dffc
RECV flow/original_260926-150408 append 81 4e4b4fbf
RECV flow/original_260926-150408 append 171 23c85f5c
RECV flow/original_260926-150408 append 81 8a54813a
RECV flow/original_260926-150408 append 77 239ce4ae
RECV flow/original_260926-150408 append 67 264ce085
RECV flow/original_260926-150408 append 81 f9951a8b
RECV flow/original_260926-150408 append 69 1a4de12e
RECV flow/original_260926-150408 append 84 ddc826d4
RECV flow/original_260926-150408 append 24 7593cda3
RECV flow/original_260926-150408 append 27 8e7d09d9
RECV flow/original_260926-150408 append 25 768be355
RECV flow/original_260926-150408 append 29 afeefa84
RECV flow/original_260926-150408 append 27 3192d06b
RECV flow/original_260926-150408 append 24 a46a2879
RECV flow/original_260926-150408 append 29 c87d48d8
RECV flow/original_260926-150408 append 29 a1e572e0
RECV flow/original_260926-150408 append 30 af11ade0
RECV flow/original_260926-150408 append 24 7adbbd1b
RECV flow/original_260926-150408 append 27 b41ec4e2
RECV flow/original_260926-150408 append 32 fcb71c6b
RECV flow/original_260926-150408 append 25 1f3325ad
RECV flow/original_260926-150408 append 24 8c09292e
RECV flow/original_260926-150408 append 24 e07bca16
RECV flow/original_260926-150408 append 26 b9ff386d
RECV flow/original_260926-150408 append 25 8ab8f18b
RECV flow/original_260926-150408 append 26 ef73fc0d
RECV flow/original_260926-150408 append 29 f6092dab
RECV flow/original_260926-150408 append 32 95a74520
RECV flow/original_260926-150408 append 22 41af7cf5
RECV flow/original_260926-150408 append 29 535c404b
RECV flow/original_260926-150408 append 32 fa569b3c
RECV flow/original_260926-150408 append 25 e1366733
RECV flow/original_260926-150408 append 19 01a2aa89
RECV flow/original_260926-150408 append 24 1d16bb78
RECV flow/original_260926-150408 append 27 a7e1f368
RECV flow/original_260926-150408 append 27 1c98e2b0
RECV flow/original_260926-150408 append 19 33c56530
RECV flow/original_260926-150408 append 24 2dc2f6f0
RECV flow/original_260926-150408 append 24 d4311cbc
RECV flow/original_260926-150408 append 24 a84d16bb
RECV flow/original_260926-150408 append 19 af80e9e3
RECV flow/original_260926-150408 append 34 d9dea0bd
RECV flow/original_260926-150408 append 26 f0d5beb1
RECV flow/original_260926-150408 append 19 a7e6b2db
RECV flow/original_260926-150408 append 19 632234ed
RECV flow/original_260926-150408 append 31 67dd2897
RECV flow/original_260926-150408 append 26 e3bac94f
RECV flow/original_260926-150408 append 19 9ee2b059
RECV flow/original_260926-150408 append 26 b1e73d04
RECV flow/original_260926-150408 append 23 f9961cbc
RECV flow/original_260926-150408 append 28 748d16f7
RECV flow/original_260926-150408 append 24 ed718bca
RECV flow/original_260926-150408 append 28 7f20e9c9
RECV flow/original_260926-150408 append 25 51924df1
RECV flow/original_260926-150408 append 25 ca4b3d97
RECV flow/original_260926-150408 append 24 00331ea1
RECV flow/original_260926-150408 append 22 5eff342e
RECV flow/original_260926-150408 append 26 d674b139
RECV flow/original_260926-150408 append 28 7e184030
RECV flow/original_260926-150408 append 927 d7fcb277
RECV flow/original_260926-150408 append 21 576926bf
RECV flow/original_260926-150408 append 193 cbcfcc27
RECV flow/original_260926-150538 append 404 9802ea35
RECV flow/original_260926-150538 append 76 e109741b
RECV flow/original_260926-150538 append 68 ca8fc09f
RECV flow/original_260926-150538 append 68 e036ece3
RECV flow/original_260926-150538 append 68 e1d10f66
RECV flow/original_260926-150538 append 119 c5319e0a
RECV flow/original_260926-150538 append 167 8398e2a3
RECV flow/original_260926-150538 append 68 712d8bda
RECV flow/original_260926-150538 append 72 2b572682
RECV flow/original_260926-150538 append 77 754b643b
RECV flow/original_260926-150538 append 171 59d64685
RECV flow/original_260926-150538 append 171 a59ff271
RECV flow/original_260926-150538 append 69 a7a1dffc
RECV flow/original_260926-150538 append 81 4e4b4fbf
RECV flow/original_260926-150538 append 171 23c85f5c
RECV flow/original_260926-150538 append 81 8a54813a
RECV flow/original_260926-150538 append 77 239ce4ae
RECV flow/original_260926-150538 append 67 264ce085
RECV flow/original_260926-150538 append 81 f9951a8b
RECV flow/original_260926-150538 append 69 1a4de12e
RECV flow/original_260926-150538 append 84 ddc826d4
RECV flow/original_260926-150538 append 24 7593cda3
RECV flow/original_260926-150538 append 27 8e7d09d9
RECV flow/original_260926-150538 append 25 768be355
RECV flow/original_260926-150538 append 29 afeefa84
RECV flow/original_260926-150538 append 27 3192d06b
RECV flow/original_260926-150538 append 24 a46a2879
RECV flow/original_260926-150538 append 29 c87d48d8
RECV flow/original_260926-150538 append 29 a1e572e0
RECV flow/original_260926-150538 append 30 af11ade0
RECV flow/original_260926-150538 append 24 7adbbd1b
RECV flow/original_260926-150538 append 27 b41ec4e2
RECV flow/original_260926-150538 append 32 fcb71c6b
RECV flow/original_260926-150538 append 25 1f3325ad
RECV flow/original_260926-150538 append 24 8c09292e
RECV flow/original_260926-150538 append 24 e07bca16
RECV flow/original_260926-150538 append 26 b9ff386d
RECV flow/original_260926-150538 append 25 8ab8f18b
RECV flow/original_260926-150538 append 26 ef73fc0d
RECV flow/original_260926-150538 append 29 f6092dab
RECV flow/original_260926-150538 append 32 95a74520
RECV flow/original_260926-150538 append 22 41af7cf5
RECV flow/original_260926-150538 append 29 535c404b
RECV flow/original_260926-150538 append 32 fa569b3c
RECV flow/original_260926-150538 append 25 e1366733
RECV flow/original_260926-150538 append 19 01a2aa89
RECV flow/original_260926-150538 append 24 1d16bb78
RECV flow/original_260926-150538 append 27 a7e1f368
RECV flow/original_260926-150538 append 27 1c98e2b0
RECV flow/original_260926-150538 append 19 33c56530
RECV flow/original_260926-150538 append 24 2dc2f6f0
RECV flow/original_260926-150538 append 24 d4311cbc
RECV flow/original_260926-150538 append 24 a84d16bb
RECV flow/original_260926-150538 append 19 af80e9e3
RECV flow/original_260926-150538 append 34 d9dea0bd
RECV flow/original_260926-150538 append 26 f0d5beb1
RECV flow/original_260926-150538 append 19 a7e6b2db
RECV flow/original_260926-150538 append 19 632234ed
RECV flow/original_260926-150538 append 31 67dd2897
RECV flow/original_260926-150538 append 26 e3bac94f
RECV flow/original_260926-150538 append 19 9ee2b059
RECV flow/original_260926-150538 append 26 b1e73d04
RECV flow/original_260926-150538 append 23 f9961cbc
RECV flow/original_260926-150538 append 28 748d16f7
RECV flow/original_260926-150538 append 24 ed718bca
RECV flow/original_260926-150538 append 28 7f20e9c9
RECV flow/original_260926-150538 append 25 51924df1
RECV flow/original_260926-150538 append 25 ca4b3d97
RECV flow/original_260926-150538 append 24 00331ea1
RECV flow/original_260926-150538 append 22 5eff342e
RECV flow/original_260926-150538 append 26 d674b139
RECV flow/original_260926-150538 append 28 7e184030
RECV flow/original_260926-150538 append 927 b2bb056d
RECV flow/original_260926-150538 append 21 576926bf
RECV flow/original_260926-150538 append 212 3ea235c8
RECV flow/original_260926-150551 append 404 120b3ed2
RECV flow/original_260926-150551 append 76 e109741b
RECV flow/original_260926-150551 append 68 ca8fc09f
RECV flow/original_260926-150551 append 68 e036ece3
RECV flow/original_260926-150551 append 68 e1d10f66
RECV flow/original_260926-150551 append 119 c5319e0a
RECV flow/original_260926-150551 append 167 8398e2a3
RECV flow/original_260926-150551 append 68 712d8bda
RECV flow/original_260926-150551 append 72 2b572682
RECV flow/original_260926-150551 append 77 754b643b
RECV flow/original_260926-150551 append 171 59d64685
RECV flow/original_260926-150551 append 171 a59ff271
RECV flow/original_260926-150551 append 69 a7a1dffc
RECV flow/original_260926-150551 append 81 4e4b4fbf
RECV flow/original_260926-150551 append 171 23c85f5c
RECV flow/original_260926-150551 append 81 8a54813a
RECV flow/original_260926-150551 append 77 239ce4ae
RECV flow/original_260926-150551 append 67 264ce085
RECV flow/original_260926-150551 append 81 f9951a8b
RECV flow/original_260926-150551 append 69 1a4de12e
RECV flow/original_260926-150551 append 84 ddc826d4
RECV flow/original_260926-150551 append 24 7593cda3
RECV flow/original_260926-150551 append 27 8e7d09d9
RECV flow/original_260926-150551 append 25 768be355
RECV flow/original_260926-150551 append 29 afeefa84
RECV flow/original_260926-150551 append 27 3192d06b
RECV flow/original_260926-150551 append 24 a46a2879
RECV flow/original_260926-150551 append 29 c87d48d8
RECV flow/original_260926-150551 append 29 a1e572e0
RECV flow/original_260926-150551 append 30 af11ade0
RECV flow/original_260926-150551 append 24 7adbbd1b
RECV flow/original_260926-150551 append 27 b41ec4e2
RECV flow/original_260926-150551 append 32 fcb71c6b
RECV flow/original_260926-150551 append 25 1f3325ad
RECV flow/original_260926-150551 append 24 8c09292e
RECV flow/original_260926-150551 append 24 e07bca16
RECV flow/original_260926-150551 append 26 b9ff386d
RECV flow/original_260926-150551 append 25 8ab8f18b
RECV flow/original_260926-150551 append 26 ef73fc0d
RECV flow/original_260926-150551 append 29 f6092dab
RECV flow/original_260926-150551 append 32 95a74520
RECV flow/original_260926-150551 append 22 41af7cf5
RECV flow/original_260926-150551 append 29 535c404b
RECV flow/original_260926-150551 append 32 fa569b3c
RECV flow/original_260926-150551 append 25 e1366733
RECV flow/original_260926-150551 append 19 01a2aa89
RECV flow/original_260926-150551 append 24 1d16bb78
RECV flow/original_260926-150551 append 27 a7e1f368
RECV flow/original_260926-150551 append 27 1c98e2b0
RECV flow/original_260926-150551 append 19 33c56530
RECV flow/original_260926-150551 append 24 2dc2f6f0
RECV flow/original_260926-150551 append 24 d4311cbc
RECV flow/original_260926-150551 append 24 a84d16bb
RECV flow/original_260926-150551 append 19 af80e9e3
RECV flow/original_260926-150551 append 34 d9dea0bd
RECV flow/original_260926-150551 append 26 f0d5beb1
RECV flow/original_260926-150551 append 19 a7e6b2db
RECV flow/original_260926-150551 append 19 632234ed
RECV flow/original_260926-150551 append 31 67dd2897
RECV flow/original_260926-150551 append 26 e3bac94f
RECV flow/original_260926-150551 append 19 9ee2b059
RECV flow/original_260926-150551 append 26 b1e73d04
RECV flow/original_260926-150551 append 23 f9961cbc
RECV flow/original_260926-150551 append 28 748d16f7
RECV flow/original_260926-150551 append 24 ed718bca
RECV flow/original_260926-150551 append 28 7f20e9c9
RECV flow/original_260926-150551 append 25 51924df1
RECV flow/original_260926-150551 append 25 ca4b3d97
RECV flow/original_260926-150551 append 24 00331ea1
RECV flow/original_260926-150551 append 22 5eff342e
RECV flow/original_260926-150551 append 26 d674b139
RECV flow/original_260926-150551 append 28 7e184030
RECV flow/original_260926-150551 append 927 8ba07043
RECV flow/original_260926-150551 append 21 576926bf
RECV flow/original_260926-150551 append 213 2c00719a
RECV flow/original_260926-151207 append 401 8660dcf6
RECV flow/original_260926-151207 append 76 e109741b
RECV flow/original_260926-151207 append 68 ca8fc09f
RECV flow/original_260926-151207 append 68 e036ece3
RECV flow/original_260926-151207 append 68 e1d10f66
RECV flow/original_260926-151207 append 119 c5319e0a
RECV flow/original_260926-151207 append 167 8398e2a3
RECV flow/original_260926-151207 append 68 712d8bda
RECV flow/original_260926-151207 append 72 2b572682
RECV flow/original_260926-151207 append 77 754b643b
RECV flow/original_260926-151207 append 171 59d64685
RECV flow/original_260926-151207 append 171 a59ff271
RECV flow/original_260926-151207 append 69 a7a1dffc
RECV flow/original_260926-151207 append 81 4e4b4fbf
RECV flow/original_260926-151207 append 171 23c85f5c
RECV flow/original_260926-151207 append 81 8a54813a
RECV flow/original_260926-151207 append 77 239ce4ae
RECV flow/original_260926-151207 append 67 264ce085
RECV flow/original_260926-151207 append 81 f9951a8b
RECV flow/original_260926-151207 append 69 1a4de12e
RECV flow/original_260926-151207 append 84 ddc826d4
RECV flow/original_260926-151207 append 24 7593cda3
RECV flow/original_260926-151207 append 27 8e7d09d9
RECV flow/original_260926-151207 append 25 768be355
RECV flow/original_260926-151207 append 27 4777e956
RECV flow/original_260926-151207 append 24 c10d133f
RECV flow/original_260926-151207 append 29 e6358df1
RECV flow/original_260926-151207 append 30 94b49b1d
RECV flow/original_260926-151207 append 24 78dae837
RECV flow/original_260926-151207 append 27 5988170b
RECV flow/original_260926-151207 append 32 ffdce651
RECV flow/original_260926-151207 append 25 e90e206b
RECV flow/original_260926-151207 append 24 082ab4fb
RECV flow/original_260926-151207 append 24 2ab5bc9a
RECV flow/original_260926-151207 append 26 97aff1ed
RECV flow/original_260926-151207 append 25 5977fd3b
RECV flow/original_260926-151207 append 26 24c1808d
RECV flow/original_260926-151207 append 29 02c1c53a
RECV flow/original_260926-151207 append 32 6a6ea475
RECV flow/original_260926-151207 append 22 447b1776
RECV flow/original_260926-151207 append 34 26bac44c
RECV flow/original_260926-151207 append 32 ffea9572
RECV flow/original_260926-151207 append 19 32251402
RECV flow/original_260926-151207 append 25 7eece4ad
RECV flow/original_260926-151207 append 27 3c77fb09
RECV flow/original_260926-151207 append 27 6a983938
RECV flow/original_260926-151207 append 19 06acfbbb
RECV flow/original_260926-151207 append 24 6189cb59
RECV flow/original_260926-151207 append 24 2fc3a3dc
RECV flow/original_260926-151207 append 24 1eff6a30
RECV flow/original_260926-151207 append 19 9c075768
RECV flow/original_260926-151207 append 29 11ca76d2
RECV flow/original_260926-151207 append 26 bb5c4971
RECV flow/original_260926-151207 append 24 4909b028
RECV flow/original_260926-151207 append 19 9f2c46e1
RECV flow/original_260926-151207 append 31 778ab89b
RECV flow/original_260926-151207 append 26 f086ce32
RECV flow/original_260926-151207 append 19 f36e7146
RECV flow/original_260926-151207 append 26 47398f79
RECV flow/original_260926-151207 append 23 5ac09a15
RECV flow/original_260926-151207 append 19 9ee2b059
RECV flow/original_260926-151207 append 24 0c352d59
RECV flow/original_260926-151207 append 28 970312b1
RECV flow/original_260926-151207 append 25 3cceef9a
RECV flow/original_260926-151207 append 26 428f6e01
RECV flow/original_260926-151207 append 24 7cac6e80
RECV flow/original_260926-151207 append 28 f09e7cd1
RECV flow/original_260926-151207 append 26 e36c192d
RECV flow/original_260926-151207 append 869 6d34c5aa
RECV flow/original_260926-151207 append 97 51baa90e
RECV flow/original_260926-151207 append 22 1cda3353
RECV flow/original_260926-151207 append 99 ce33d648
RECV flow/original_260926-151207 append 102 2143a4f2
RECV flow/original_260926-151207 append 83 20a72b86
RECV flow/original_260926-151207 append 71 f523a842
RECV flow/original_260926-151207 append 25 3c28b10f
RECV flow/original_260926-151207 append 63 2294cc81
RECV flow/original_260926-151207 append 221 bcc36fcf
RECV flow/original_260926-151207 append 359 83f73e15
RECV flow/original_260926-151207 append 379 91b7af2b
RECV flow/original_260926-151207 append 360 9d4df46c
RECV flow/original_260926-151207 append 624 3f154bfe
RECV flow/original_260926-151207 append 78 af3d5531
RECV flow/original_260926-151207 append 43 b5a2f7f4
RECV flow/original_260926-151207 append 316 b824778a
RECV flow/original_260926-151207 append 447 a9e453c5
RECV flow/original_260926-151207 append 535 b5372b1e
RECV flow/original_260926-151207 append 464 6a4b13bd
RECV flow/original_260926-151207 append 930 b48b123c
RECV flow/original_260926-151207 append 936 c05b4299
RECV flow/original_260926-151207 append 756 24ae8a07
RECV flow/original_260926-151207 append 125 a1ef172b
RECV flow/original_260926-151207 append 16 07acb65f
RECV flow/original_260926-151207 append 110 bd5e0fe0
RECV flow/original_260926-151207 append 118 7b202288
RECV flow/original_260926-151207 append 244 7455806f
RECV flow/original_260926-151207 append 71 8d059ada
RECV flow/original_260926-151207 append 185 c75dc154
RECV flow/original_260926-151207 append 187 2086a501
RECV flow/original_260926-151207 append 114 fc627aba
RECV flow/original_260926-151207 append 417 96d432b8
RECV flow/original_260926-151207 append 67 a1421744
RECV flow/original_260926-151207 append 93 e5ba003a
RECV flow/original_260926-151207 append 208 024baead
RECV flow/original_260926-151207 append 93 5a2c4724
RECV flow/original_260926-151207 append 92 aa8c718b
RECV flow/original_260926-151207 append 116 11c4610d
RECV flow/original_260926-151207 append 67 1c0f2d01
RECV flow/original_260926-151207 append 236 b8a5d52d
RECV flow/original_260926-151207 append 142 b7dfd984
RECV flow/original_260926-151207 append 71 15378913
RECV flow/original_260926-151207 append 84 3676038c
RECV flow/original_260926-151207 append 85 1a80b83d
RECV flow/original_260926-151207 append 170 c41e0978
RECV flow/original_260926-151207 append 71 b745a8fe
RECV flow/original_260926-151207 append 86 fac81708
RECV flow/original_260926-151207 append 85 4390107d
RECV flow/original_260926-151207 append 85 44572196
RECV flow/original_260926-151207 append 170 39c132b3
RECV flow/original_260926-151207 append 21 f662b33c
RECV flow/original_260926-151207 append 132 a30f90fc
RECV flow/original_260926-151207 append 21 236c9a16
RECV flow/original_260926-151207 append 132 679b3f4b
RECV flow/original_260926-151207 append 21 6f9682f0
RECV flow/original_260926-151207 append 132 378795cb
RECV flow/original_260926-151207 append 170 9a4d54cd
RECV flow/original_260926-151207 append 85 0002dcf7
RECV flow/original_260926-151207 append 101 7a17a04f
RECV flow/original_260926-151207 append 92 1d6feee5
RECV flow/original_260926-151207 append 372 b92cd3a0
RECV flow/original_260926-151207 append 184 1011c8d7
RECV flow/original_260926-151207 append 496 3c6432d8
RECV flow/original_260926-151207 append 424 5ad2ec96
RECV flow/original_260926-151207 append 315 e880deb5
RECV flow/original_260926-151207 append 201 260d66de
RECV flow/original_260926-151207 append 209 388100c3
RECV flow/original_260926-151207 append 109 dfc61a50
RECV flow/original_260926-151207 append 85 71d264d9
RECV flow/original_260926-151207 append 170 d7b5d780
RECV flow/original_260926-151207 append 85 889a5c24
RECV flow/original_260926-151207 append 85 be76d491
RECV flow/original_260926-151207 append 85 2d93436b
RECV flow/original_260926-151207 append 170 9d03ad44
RECV flow/original_260926-151207 append 16 fd4abaef
RECV flow/original_260926-151207 append 241 c8644a3e
RECV flow/original_260926-151207 append 177 fe722f3a
RECV flow/original_260926-151207 append 366 15fb6555
RECV flow/original_260926-151207 append 46 21d3aa54
RECV flow/original_260926-151207 append 432 6c788277
RECV flow/original_260926-151207 append 386 b1f31ee9
RECV flow/original_260926-151207 append 325 d3ba40e7
RECV flow/original_260926-151207 append 288 86d738a0
RECV flow/original_260926-151207 append 175 78edfba0
RECV flow/original_260926-151207 append 85 365c1f1c
RECV flow/original_260926-151207 append 170 0ca66991
RECV flow/original_260926-151207 append 85 edbd3626
RECV flow/original_260926-151207 append 85 b1723300
RECV flow/original_260926-151207 append 17 7343b14f
RECV flow/original_260926-151207 append 102 33643c78
RECV flow/original_260926-151207 append 17 9c7e14af
RECV flow/original_260926-151207 append 17 07db58c0
RECV flow/original_260926-151207 append 17 70458a30
RECV flow/original_260926-151207 append 17 ebe0c65f
RECV flow/original_260926-151207 append 17 9974592e
RECV flow/original_260926-151207 append 17 02d11541
RECV flow/original_260926-151207 append 17 42eef655
RECV flow/original_260926-151207 append 17 d94bba3a
RECV flow/original_260926-151207 append 17 aed568ca
RECV flow/original_260926-151207 append 17 357024a5
RECV flow/original_260926-151207 append 17 41e8cd2a
RECV flow/original_260926-151207 append 102 285cad5a
RECV flow/original_260926-151207 append 17 add353b5
RECV flow/original_260926-151207 append 17 36761fda
RECV flow/original_260926-151207 append 17 44e280ab
RECV flow/original_260926-151207 append 17 df47ccc4
RECV flow/original_260926-151207 append 17 ff249a9b
RECV flow/original_260926-151207 append 17 6481d6f4
RECV flow/original_260926-151207 append 17 131f0404
RECV flow/original_260926-151207 append 17 88ba486b
RECV flow/original_260926-151207 append 85 2bdc6996
RECV flow/original_260926-151207 append 17 fc22a1e4
RECV flow/original_260926-151207 append 17 6787ed8b
RECV flow/original_260926-151207 append 17 10193f7b
RECV flow/original_260926-151207 append 286 89f5d6d0
RECV flow/original_260926-151207 append 224 c3c54f26
RECV flow/original_260926-151207 append 294 ebc23cf6
RECV flow/original_260926-151207 append 386 9fe73a97
RECV flow/original_260926-151207 append 385 28fff642
RECV flow/original_260926-151207 append 526 59bcf025
RECV flow/original_260926-151207 append 86 7f7d73ee
RECV flow/original_260926-151207 append 202 d2ecbad3
RECV flow/original_260926-151207 append 85 f12bbf61
RECV flow/original_260926-151207 append 85 7ad24d6b
RECV flow/original_260926-151207 append 170 e989f2a7
RECV flow/original_260926-151207 append 85 5fc081bf
RECV flow/original_260926-151207 append 85 cd1f0e49
RECV flow/original_260926-151207 append 85 38bd9102
RECV flow/original_260926-151207 append 17 22b2431e
RECV flow/original_260926-151207 append 102 0c33ade8
RECV flow/original_260926-151207 append 17 ce89dd81
RECV flow/original_260926-151207 append 63 f6839a63
RECV flow/original_260926-151207 append 17 21b47861
RECV flow/original_260926-151207 append 332 692d091f
RECV flow/original_260926-151207 append 86 1e10e10d
RECV flow/original_260926-151207 append 412 95dde1d1
RECV flow/original_260926-151207 append 46 8bd915e9
RECV flow/original_260926-151207 append 386 bbee2f37
RECV flow/original_260926-151207 append 384 2a92935a
RECV flow/original_260926-151207 append 424 bafbb76c
RECV flow/original_260926-151207 append 210 0b31cebf
RECV flow/original_260926-151207 append 86 b61c92ab
RECV flow/original_260926-151207 append 85 498557c0
RECV flow/original_260926-151207 append 85 4812d330
RECV flow/original_260926-151207 append 85 9fc716ed
RECV flow/original_260926-151207 append 110 44d11e19
RECV flow/original_260926-151207 append 69 d6fd0f23
RECV flow/original_260926-151207 append 44 da640e89
RECV flow/original_260926-151207 append 81 a9bc0106
RECV flow/original_260926-151207 append 166 e3be8d13
RECV flow/original_260926-151207 append 84 1f692f28
RECV flow/original_260926-151207 append 85 fbc0d45e
RECV flow/original_260926-151207 append 22 3f89d976
RECV flow/original_260926-151207 append 155 91ab8fbe
RECV flow/original_260926-151207 append 48 3f517a40
RECV flow/original_260926-151207 append 60 fdc9deb3
RECV flow/original_260926-151207 append 17 c7623256
RECV flow/original_260926-151207 append 442 90b8ea4f
RECV flow/original_260926-151207 append 156 0e8ec7c0
RECV flow/original_260926-151207 append 386 040053b2
RECV flow/original_260926-151207 append 224 c7940ec0
RECV flow/original_260926-151207 append 248 1d26755c
RECV flow/original_260926-151207 append 72 4c773256
RECV flow/original_260926-151207 append 424 33268c7e
RECV flow/original_260926-151207 append 90 46819e37
RECV flow/original_260926-151207 append 334 5ddc1f2b
RECV flow/original_260926-151207 append 235 1475c414
RECV flow/original_260926-151207 append 86 b427c8ec
RECV flow/original_260926-151207 append 18 70d6c1f3
RECV flow/original_260926-151207 append 147 571fd2f9
RECV flow/original_260926-151207 append 18 e631fefe
RECV flow/original_260926-151207 append 80 e797d219
RECV flow/original_260926-151207 append 125 0c35ba1f
RECV flow/original_260926-151207 append 85 826d9dff
RECV flow/original_260926-151207 append 170 ab491cb4
RECV flow/original_260926-151207 append 85 f37247f9
RECV flow/original_260926-151207 append 85 dcf4e4a3
RECV flow/original_260926-151207 append 102 e55c722e
RECV flow/original_260926-151207 append 92 007dcb98
RECV flow/original_260926-151207 append 241 10548aca
RECV flow/original_260926-151207 append 132 fc10192d
RECV flow/original_260926-151207 append 297 da8b99aa
RECV flow/original_260926-151207 append 439 764ab372
RECV flow/original_260926-151207 append 439 3cc88768
RECV flow/original_260926-151207 append 392 0dd6b25f
RECV flow/original_260926-151207 append 86 6e1386f4
RECV flow/original_260926-151207 append 290 6bb5e580
RECV flow/original_260926-151207 append 22 ca616d2c
RECV flow/original_260926-151207 append 134 ec2fdd0b
RECV flow/original_260926-151207 append 24 dac369cd
RECV flow/original_260926-151207 append 22 0dab2c75
RECV flow/original_260926-151207 append 159 390f8e59
RECV flow/original_260926-151207 append 158 cc3d75a1
RECV flow/original_260926-151207 append 173 4f8a6895
RECV flow/original_260926-151207 append 18 47c602a0
RECV flow/original_260926-151207 append 80 ab19fa42
RECV flow/original_260926-151207 append 80 a9260dc3
RECV flow/original_260926-151207 append 124 fd3346bf
RECV flow/original_260926-151207 append 86 8f8d86c0
RECV flow/original_260926-151207 append 103 be0de206
RECV flow/original_260926-151207 append 251 e4a87a3b
RECV flow/original_260926-151207 append 86 9f970f38
RECV flow/original_260926-151207 append 438 a2eac3b6
RECV flow/original_260926-151207 append 438 06327e2e
RECV flow/original_260926-151207 append 367 99ef0e57
RECV flow/original_260926-151207 append 120 fb9d92dc
RECV flow/original_260926-151207 append 226 db493e3e
RECV flow/original_260926-151207 append 236 c2114f96
RECV flow/original_260926-151207 append 73 70a57fb4
RECV flow/original_260926-151207 append 283 f35e5d2b
RECV flow/original_260926-151207 append 86 48946a94
RECV flow/original_260926-151207 append 25 71499866
RECV flow/original_260926-151207 append 126 31d112ea
RECV flow/original_260926-151207 append 126 b5450c8f
RECV flow/original_260926-151207 append 212 985e3722
RECV flow/original_260926-151207 append 45 98d238bf
RECV flow/original_260926-151207 append 86 5eb71670
RECV flow/original_260926-151207 append 86 3b372d0e
RECV flow/original_260926-151207 append 158 f594012b
RECV flow/original_260926-151207 append 72 e3319a30
RECV flow/original_260926-151207 append 86 a991b471
RECV flow/original_260926-151207 append 87 d75aec8b
RECV flow/original_260926-151207 append 72 6e707e68
RECV flow/original_260926-151207 append 146 96526d50
RECV flow/original_260926-151207 append 72 a0964a13
RECV flow/original_260926-151207 append 49 5cf35a16
RECV flow/original_260926-151207 append 49 29b7a882
RECV flow/original_260926-151207 append 121 710efad8
RECV flow/original_260926-151207 append 49 43b5ee4a
RECV flow/original_260926-151207 append 49 e1b8ae73
RECV flow/original_260926-151207 append 49 419a1eb0
RECV flow/original_260926-151207 append 98 6214de1f
RECV flow/original_260926-151207 append 49 c1ba17dd
RECV flow/original_260926-151207 append 73 e65d5595
RECV flow/original_260926-151207 append 24 9713ffc1
RECV flow/original_260926-151207 append 24 40f17f99
RECV flow/original_260926-151207 append 49 5f5122da
RECV flow/original_260926-151207 append 73 1a4e37eb
RECV flow/original_260926-151207 append 24 f8ef79f6
RECV flow/original_260926-151207 append 24 bb70ef38
RECV flow/original_260926-151207 append 49 91363a5c
RECV flow/original_260926-151207 append 22 8c5a0b06
RECV flow/original_260926-151207 append 70 e300a113
RECV flow/original_260926-151207 append 22 9c03c338
RECV flow/original_260926-151207 append 97 71d4aaed
RECV flow/original_260926-151207 append 24 2d8dc8e9
RECV flow/original_260926-151207 append 49 1754393a
RECV flow/original_260926-151207 append 22 ceab2151
RECV flow/original_260926-151207 append 96 576f4c10
RECV flow/original_260926-151207 append 22 42b2c59a
RECV flow/original_260926-151207 append 70 243d40bf
RECV flow/original_260926-151207 append 84 96463873
RECV flow/original_260926-151207 append 22 fdb547e5
RECV flow/original_260926-151207 append 22 513edf65
RECV flow/original_260926-151207 append 22 6bddc5fc
RECV flow/original_260926-151207 append 22 ec7b0ebf
RECV flow/original_260926-151207 append 70 eeb5b436
RECV flow/original_260926-151207 append 109 49f6e40e
RECV flow/original_260926-151207 append 22 d3893196
RECV flow/original_260926-151207 append 70 8bf25ac9
RECV flow/original_260926-151207 append 87 296ceff6
RECV flow/original_260926-151207 append 86 121661f8
RECV flow/original_260926-151207 append 87 94ca48f5
RECV flow/original_260926-151207 append 201 affbecc2
RECV flow/original_260926-151207 append 241 113d5f0a
RECV flow/original_260926-151207 append 24 d2802d39
RECV flow/original_260926-151207 append 24 5db5bb69
RECV flow/original_260926-151207 append 88 ba971ff4
RECV flow/original_260926-151207 append 24 04d83cd2
RECV flow/original_260926-151207 append 88 5d5ecc73
RECV flow/original_260926-151207 append 88 aefe5ad9
RECV flow/original_260926-151207 append 160 0351dfdc
RECV flow/original_260926-151207 append 88 d539cf38
RECV flow/original_260926-151207 append 88 112b1271
RECV flow/original_260926-151207 append 134 46aeb61a
RECV flow/original_260926-151207 append 149 3a9c57c5
RECV flow/original_260926-151207 append 105 83824b00
RECV flow/original_260926-151207 append 17 3d89e8f1
RECV flow/original_260926-151207 append 65 c741c99b
RECV flow/original_260926-151207 append 111 9ecbd054
RECV flow/original_260926-151207 append 514 176b1dca
RECV flow/original_260926-151207 append 95 6454c043
RECV flow/original_260926-151207 append 185 e48c3dee
RECV flow/original_260926-151207 append 239 6f1ada14
RECV flow/original_260926-151207 append 161 a15c7609
RECV flow/original_260926-151207 append 89 bf9490a1
RECV flow/original_260926-151207 append 401 4462cc67
RECV flow/original_260926-151207 append 449 1c7e2807
RECV flow/original_260926-151207 append 209 fc8fffd3
RECV flow/original_260926-151207 append 162 c2bcd0c4
RECV flow/original_260926-151207 append 24 5270d0fe
RECV flow/original_260926-151207 append 24 859250a6
RECV flow/original_260926-151207 append 111 fb45e33e
RECV flow/original_260926-151207 append 88 5aa563e5
RECV flow/original_260926-151207 append 89 51f6bb65
RECV flow/original_260926-151207 append 89 95d4d0a2
RECV flow/original_260926-151207 append 178 81a3830d
RECV flow/original_260926-151207 append 106 e1a49a8e
RECV flow/original_260926-151207 append 17 f4db6db0
RECV flow/original_260926-151207 append 17 8043843f
RECV flow/original_260926-151207 append 96 a9ee5a56
RECV flow/original_260926-151207 append 449 e978751c
RECV flow/original_260926-151207 append 264 b6554525
RECV flow/original_260926-151207 append 22 c93d1977
RECV flow/original_260926-151207 append 70 9eb95982
RECV flow/original_260926-151207 append 22 8819e1e1
RECV flow/original_260926-151207 append 70 8a138657
RECV flow/original_260926-151207 append 22 815b189e
RECV flow/original_260926-151207 append 70 cac826cd
RECV flow/original_260926-151207 append 22 55678859
RECV flow/original_260926-151207 append 167 cdef45a5
RECV flow/original_260926-151207 append 22 d2c1431a
RECV flow/original_260926-151207 append 22 f2533f51
RECV flow/original_260926-151207 append 22 75f5f412
RECV flow/original_260926-151207 append 95 03e1ee12
RECV flow/original_260926-151207 append 22 a1c964d5
RECV flow/original_260926-151207 append 70 656f14f3
RECV flow/original_260926-151207 append 168 ef831046
RECV flow/original_260926-151207 append 72 129e2942
RECV flow/original_260926-151207 append 24 cd1bcded
RECV flow/original_260926-151207 append 160 3a181ac8
RECV flow/original_260926-151207 append 503 08339d72
RECV flow/original_260926-151207 append 191 0a263c2d
RECV flow/original_260926-151207 append 22 b57b3bd0
RECV flow/original_260926-151207 append 22 95e9479b
RECV flow/original_260926-151207 append 70 4b927497
RECV flow/original_260926-151207 append 22 41d5d75c
RECV flow/original_260926-151207 append 24 de48c11d
RECV flow/original_260926-151207 append 73 2fc11cff
RECV flow/original_260926-151207 append 174 ed902cf6
RECV flow/original_260926-151207 append 87 217f35a0
RECV flow/original_260926-151207 append 72 e809b093
RECV flow/original_260926-151207 append 159 19c6e3c1
RECV flow/original_260926-151207 append 72 3c1d1ff7
RECV flow/original_260926-151207 append 72 b15cfbaf
RECV flow/original_260926-151207 append 72 fdefd106
RECV flow/original_260926-151207 append 72 70ae355e
RECV flow/original_260926-151207 append 72 64898454
RECV flow/original_260926-151207 append 72 e9c8600c
RECV flow/original_260926-151207 append 72 a57b4aa5
RECV flow/original_260926-151207 append 72 283aaefd
RECV flow/original_260926-151207 append 72 8d3428b1
RECV flow/original_260926-151207 append 72 0075cce9
RECV flow/original_260926-151207 append 159 f43e2337
RECV flow/original_260926-151207 append 72 1e1a53c9
RECV flow/original_260926-151207 append 72 52a97960
RECV flow/original_260926-151207 append 72 dfe89d38
RECV flow/original_260926-151207 append 72 cbcf2c32
RECV flow/original_260926-151207 append 72 468ec86a
RECV flow/original_260926-151207 append 72 0a3de2c3
RECV flow/original_260926-151207 append 72 877c069b
RECV flow/original_260926-151207 append 72 227280d7
RECV flow/original_260926-151207 append 72 af33648f
RECV flow/original_260926-151207 append 87 4f04a160
RECV flow/original_260926-151207 append 72 f6662fb3
RECV flow/original_260926-151207 append 87 1ba0c484
RECV flow/original_260926-151207 append 87 c0785063
RECV flow/original_260926-151207 append 17 05cf403c
RECV flow/original_260926-151207 append 17 725192cc
RECV flow/original_260926-151207 append 400 a7922a38
RECV flow/original_260926-151207 append 218 b3a9750b
RECV flow/original_260926-151207 append 240 4dcd297d
RECV flow/original_260926-151207 append 136 e8362377
RECV flow/original_260926-151207 append 216 2e0765f2
RECV flow/original_260926-151207 append 24 a6030c8f
RECV flow/original_260926-151207 append 208 afd8dbd0
RECV flow/original_260926-151207 append 434 3cc5df4b
RECV flow/original_260926-151207 append 338 002cbcc2
RECV flow/original_260926-151207 append 72 e21b0286
RECV flow/original_260926-151207 append 72 854b5fa3
RECV flow/original_260926-151207 append 158 8c1923a6
RECV flow/original_260926-151207 append 86 c535e35e
RECV flow/original_260926-151207 append 110 1070841a
RECV flow/original_260926-151207 append 24 705b1d64
RECV flow/original_260926-151207 append 24 a7b99d3c
RECV flow/original_260926-151207 append 24 056570c0
RECV flow/original_260926-151207 append 110 41a8f7cd
RECV flow/original_260926-151207 append 24 33f4714c
RECV flow/original_260926-151207 append 24 e416f114
RECV flow/original_260926-151207 append 172 84e27df5
RECV flow/original_260926-151207 append 72 d13db72d
RECV flow/original_260926-151207 append 72 5c7c5375
RECV flow/original_260926-151207 append 107 a2e024ba
RECV flow/original_260926-151207 append 86 c14a93f3
RECV flow/original_260926-151207 append 102 71e1351e
RECV flow/original_260926-151207 append 17 cd8230e9
RECV flow/original_260926-151207 append 192 e10413d8
RECV flow/original_260926-151207 append 278 c45fc2cc
RECV flow/original_260926-151207 append 72 b5c1ff90
RECV flow/original_260926-151207 append 120 0f9e86ba
RECV flow/original_260926-151207 append 72 61d550f4
RECV flow/original_260926-151207 append 300 09e0fa09
RECV flow/original_260926-151207 append 447 ac072ffc
RECV flow/original_260926-151207 append 478 9fe3587a
RECV flow/original_260926-151207 append 72 c9165ac2
RECV flow/original_260926-151207 append 48 ffabf7e2
RECV flow/original_260926-151207 append 267 9aba60ce
RECV flow/original_260926-151207 append 144 13bf4d29
RECV flow/original_260926-151207 append 168 cc09b54a
RECV flow/original_260926-151207 append 46 8c86f8d9
RECV flow/original_260926-151207 append 135 69b33cce
RECV flow/original_260926-151207 append 135 3dd1d58d
RECV flow/original_260926-151207 append 41 f6e3bfb7
RECV flow/original_260926-151207 append 22 de640f7a
RECV flow/original_260926-151207 append 236 d0c4cf34
RECV flow/original_260926-152547 append 414 97a87fc3
RECV flow/original_260926-152547 append 135 23f4cd9d
RECV flow/original_260926-152547 append 134 e4446e8f
RECV flow/original_260926-152547 append 134 2c0bb5fd
RECV flow/original_260926-152547 append 135 13bd0a56
RECV flow/original_260926-152547 append 141 b2ebcedf
RECV flow/original_260926-152547 append 157 29dba515
RECV flow/original_260926-152547 append 149 812a6e1d
RECV flow/original_260926-152547 append 163 e906c9d8
RECV flow/original_260926-152547 append 171 8d44603f
RECV flow/original_260926-152547 append 150 dd90997f
RECV flow/original_260926-152547 append 164 19a515b6
RECV flow/original_260926-152547 append 171 7b420095
RECV flow/original_260926-152547 append 127 f47fb807
RECV flow/original_260926-152547 append 125 80b713fa
RECV flow/original_260926-152547 append 125 10373aea
RECV flow/original_260926-152547 append 94 398cc41d
RECV flow/original_260926-152547 append 101 3372e6ac
RECV flow/original_260926-152547 append 174 8671f591
RECV flow/original_260926-152547 append 181 0208948a
RECV flow/original_260926-152547 append 189 d4a7bf80
RECV flow/original_260926-152547 append 166 90463407
RECV flow/original_260926-152547 append 173 1a5e0bc9
RECV flow/original_260926-152547 append 181 c59c36da
RECV flow/original_260926-152547 append 152 abd88b7c
RECV flow/original_260926-152547 append 137 da65cab4
RECV flow/original_260926-152547 append 145 46507403
RECV flow/original_260926-152547 append 147 915a6d26
RECV flow/original_260926-152547 append 153 fe2d1646
RECV flow/original_260926-152547 append 155 361bdd7b
RECV flow/original_260926-152547 append 163 fc54c580
RECV flow/original_260926-152547 append 165 d172f487
RECV flow/original_260926-152547 append 150 d7d4803f
RECV flow/original_260926-152547 append 166 3d749a5c
RECV flow/original_260926-152547 append 173 520e7375
RECV flow/original_260926-152547 append 181 70238ae0
RECV flow/original_260926-152547 append 138 2bff2dfb
RECV flow/original_260926-152547 append 136 834d283c
RECV flow/original_260926-152547 append 136 80ce7825
RECV flow/original_260926-152547 append 229 9ff8b507
RECV flow/original_260926-152547 append 229 70678d90
RECV flow/original_260926-152547 append 229 9bb7c268
RECV flow/original_260926-152547 append 221 85c815a2
RECV flow/original_260926-152547 append 221 38e1f5d6
RECV flow/original_260926-152547 append 221 8dcfba9c
RECV flow/original_260926-152547 append 159 3cbccc8f
RECV flow/original_260926-152547 append 154 67246c30
RECV flow/original_260926-152547 append 162 e06c055d
RECV flow/original_260926-152547 append 164 4ac7de13
RECV flow/original_260926-152547 append 170 7533626e
RECV flow/original_260926-152547 append 172 f0e72b50
RECV flow/original_260926-152547 append 180 76812764
RECV flow/original_260926-152547 append 182 bfdf41b7
RECV flow/original_260926-152547 append 161 a617b27e
RECV flow/original_260926-152547 append 221 41b8271b
RECV flow/original_260926-152547 append 221 45bbf084
RECV flow/original_260926-152547 append 221 f095bfce
RECV flow/original_260926-152547 append 154 b7664473
RECV flow/original_260926-152547 append 152 eaf03e59
RECV flow/original_260926-152547 append 152 f74ca0da
RECV flow/original_260926-152547 append 114 0fdfcc2b
RECV flow/original_260926-152547 append 172 363b50e0
RECV flow/original_260926-152547 append 179 0e468583
RECV flow/original_260926-152547 append 187 5a4b24a2
RECV flow/original_260926-152547 append 150 05bf3398
RECV flow/original_260926-152547 append 141 376d825b
RECV flow/original_260926-152547 append 143 d589dc14
RECV flow/original_260926-152547 append 143 62e33c50
RECV flow/original_260926-152547 append 161 67c694af
RECV flow/original_260926-152547 append 141 d0303eae
RECV flow/original_260926-152547 append 143 cc106a08
RECV flow/original_260926-152547 append 153 2411d2b0
RECV flow/original_260926-152547 append 171 c83210f1
RECV flow/original_260926-152547 append 143 0e72ad3f
RECV flow/original_260926-152547 append 141 e9874857
RECV flow/original_260926-152547 append 153 b448da6d
RECV flow/original_260926-152547 append 171 0cecdd48
RECV flow/original_260926-152547 append 164 753df048
RECV flow/original_260926-152547 append 171 dced3f1d
RECV flow/original_260926-152547 append 179 6584a584
RECV flow/original_260926-152547 append 164 68a3b87e
RECV flow/original_260926-152547 append 171 deed035e
RECV flow/original_260926-152547 append 179 1dfe75c0
RECV flow/original_260926-152547 append 152 5b1a2ee0
RECV flow/original_260926-152547 append 150 0eb45c8e
RECV flow/original_260926-152547 append 150 d5b010e1
RECV flow/original_260926-152547 append 118 3e999f5f
RECV flow/original_260926-152547 append 158 398ca906
RECV flow/original_260926-152547 append 138 20b49eb7
RECV flow/original_260926-152547 append 152 a992b42f
RECV flow/original_260926-152547 append 146 8c19485b
RECV flow/original_260926-152547 append 140 95725aac
RECV flow/original_260926-152547 append 154 d09ff4e8
RECV flow/original_260926-152547 append 148 a3a06bc1
RECV flow/original_260926-152547 append 154 21c8b382
RECV flow/original_260926-152547 append 180 18233d6b
RECV flow/original_260926-152547 append 187 93c23e31
RECV flow/original_260926-152547 append 195 3b525286
RECV flow/original_260926-152547 append 172 b03819dd
RECV flow/original_260926-152547 append 180 63123e62
RECV flow/original_260926-152547 append 188 c1645ccf
RECV flow/original_260926-152547 append 173 0c323445
RECV flow/original_260926-152547 append 180 b5a631e3
RECV flow/original_260926-152547 append 188 c5e80fc5
RECV flow/original_260926-152547 append 161 5f264a59
RECV flow/original_260926-152547 append 159 f10930a5
RECV flow/original_260926-152547 append 159 47e71a49
RECV flow/original_260926-152547 append 136 5e6a9f26
RECV flow/original_260926-152547 append 166 e2c92d0f
RECV flow/original_260926-152547 append 157 f2dd8b59
RECV flow/original_260926-152547 append 171 4b3213a1
RECV flow/original_260926-152547 append 165 51a3e800
RECV flow/original_260926-152547 append 159 f5af2cd5
RECV flow/original_260926-152547 append 173 858fefbb
RECV flow/original_260926-152547 append 167 71884bd2
RECV flow/original_260926-152547 append 173 e6a15c17
RECV flow/original_260926-152547 append 238 9eb6743d
RECV flow/original_260926-152547 append 238 b47c1a09
RECV flow/original_260926-152547 append 238 4c01b84c
RECV flow/original_260926-152547 append 230 d3c77e34
RECV flow/original_260926-152547 append 230 3c5846a3
RECV flow/original_260926-152547 append 230 d788095b
RECV flow/original_260926-152547 append 230 cc12f54f
RECV flow/original_260926-152547 append 230 2f5c5469
RECV flow/original_260926-152547 append 230 c0c36cfe
RECV flow/original_260926-152547 append 168 ba1c2cc7
RECV flow/original_260926-152547 append 166 41ca1b29
RECV flow/original_260926-152547 append 166 2f27b6d5
RECV flow/original_260926-152547 append 146 ba56ea33
RECV flow/original_260926-152547 append 230 4b72917e
RECV flow/original_260926-152547 append 230 a4eda9e9
RECV flow/original_260926-152547 append 230 4f3de611
RECV flow/original_260926-152547 append 158 74986c8b
RECV flow/original_260926-152547 append 159 82adb4f5
RECV flow/original_260926-152547 append 161 320a917b
RECV flow/original_260926-152547 append 154 7df40385
RECV flow/original_260926-152547 append 172 58d53339
RECV flow/original_260926-152547 append 159 e7b23e49
RECV flow/original_260926-152547 append 161 c592c4f0
RECV flow/original_260926-152547 append 171 d7c01d38
RECV flow/original_260926-152547 append 189 a28a6bfb
RECV flow/original_260926-152547 append 161 57afd6fe
RECV flow/original_260926-152547 append 159 7fdf234e
RECV flow/original_260926-152547 append 171 b8c22579
RECV flow/original_260926-152547 append 189 4d46c405
RECV flow/original_260926-152547 append 222 236b65a6
RECV flow/original_260926-152547 append 222 96452aec
RECV flow/original_260926-152547 append 222 8249a30f
RECV flow/original_260926-152547 append 222 6dacf703
RECV flow/original_260926-152547 append 222 e71b571f
RECV flow/original_260926-152547 append 222 52351855
RECV flow/original_260926-152547 append 160 f0570256
RECV flow/original_260926-152547 append 158 c9f55da7
RECV flow/original_260926-152547 append 158 37300241
RECV flow/original_260926-152547 append 169 427bfc8b
RECV flow/original_260926-152547 append 159 7d7abf84
RECV flow/original_260926-152547 append 154 ee13dee3
RECV flow/original_260926-152547 append 140 c1898479
RECV flow/original_260926-152547 append 154 f42ac131
RECV flow/original_260926-152547 append 140 ba67e29f
RECV flow/original_260926-152547 append 154 97cb8ed6
RECV flow/original_260926-152547 append 140 f205b6bc
RECV flow/original_260926-152547 append 181 ef612f00
RECV flow/original_260926-152547 append 188 c1e1c26c
RECV flow/original_260926-152547 append 196 b52f55e1
RECV flow/original_260926-152547 append 173 ae03c3e9
RECV flow/original_260926-152547 append 180 f2a58b14
RECV flow/original_260926-152547 append 188 81f5e6fa
RECV flow/original_260926-152547 append 173 3ac4e221
RECV flow/original_260926-152547 append 180 07b72f30
RECV flow/original_260926-152547 append 188 5cdef717
RECV flow/original_260926-152547 append 161 0ec67521
RECV flow/original_260926-152547 append 159 8058adf9
RECV flow/original_260926-152547 append 159 0de4720d
RECV flow/original_260926-152547 append 146 b5562a4f
RECV flow/original_260926-152547 append 166 7e549df7
RECV flow/original_260926-152547 append 171 5a4acc38
RECV flow/original_260926-152547 append 157 b4b3cd7e
RECV flow/original_260926-152547 append 171 e5421c41
RECV flow/original_260926-152547 append 157 7ffe077c
RECV flow/original_260926-152547 append 171 49ec7304
RECV flow/original_260926-152547 append 157 ff8cb771
RECV flow/original_260926-152547 append 238 e38298c3
RECV flow/original_260926-152547 append 238 6761fddb
RECV flow/original_260926-152547 append 238 9f1c5f9e
RECV flow/original_260926-152547 append 230 0d4ad442
RECV flow/original_260926-152547 append 230 e2d5ecd5
RECV flow/original_260926-152547 append 230 10a6904f
RECV flow/original_260926-152547 append 230 0b3c6c5b
RECV flow/original_260926-152547 append 230 9b1a10af
RECV flow/original_260926-152547 append 230 74852838
RECV flow/original_260926-152547 append 168 83f67698
RECV flow/original_260926-152547 append 166 fd58e99c
RECV flow/original_260926-152547 append 166 94afe5bf
RECV flow/original_260926-152547 append 146 4e7a6b07
RECV flow/original_260926-152547 append 174 f88146eb
RECV flow/original_260926-152547 append 164 cec17fcf
RECV flow/original_260926-152547 append 178 b15e54f8
RECV flow/original_260926-152547 append 172 334ee561
RECV flow/original_260926-152547 append 166 8827ab14
RECV flow/original_260926-152547 append 180 12cf96b3
RECV flow/original_260926-152547 append 174 e7fca796
RECV flow/original_260926-152547 append 180 35f0e8ec
RECV flow/original_260926-152547 append 238 4e05d844
RECV flow/original_260926-152547 append 238 b6787a01
RECV flow/original_260926-152547 append 238 658f9a8f
RECV flow/original_260926-152547 append 230 d78630c8
RECV flow/original_260926-152547 append 230 25f54c52
RECV flow/original_260926-152547 append 230 ca6a74c5
RECV flow/original_260926-152547 append 230 ae49ccb2
RECV flow/original_260926-152547 append 230 41d6f425
RECV flow/original_260926-152547 append 230 aa06bbdd
RECV flow/original_260926-152547 append 176 b09b0f1b
RECV flow/original_260926-152547 append 174 ab99ea81
RECV flow/original_260926-152547 append 174 b3cb83a1
RECV flow/original_260926-152547 append 146 f7c4bef1
RECV flow/original_260926-152547 append 189 acd8da48
RECV flow/original_260926-152547 append 172 fccc4609
RECV flow/original_260926-152547 append 186 51915edd
RECV flow/original_260926-152547 append 180 de7a1c44
RECV flow/original_260926-152547 append 174 b5d9a786
RECV flow/original_260926-152547 append 188 3a5f353c
RECV flow/original_260926-152547 append 182 8017c513
RECV flow/original_260926-152547 append 188 379f21ae
RECV flow/original_260926-152547 append 238 bae5eb7b
RECV flow/original_260926-152547 append 238 69120bf5
RECV flow/original_260926-152547 append 238 916fa9b0
RECV flow/original_260926-152547 append 230 f8fc7fec
RECV flow/original_260926-152547 append 230 1763477b
RECV flow/original_260926-152547 append 230 87453b8f
RECV flow/original_260926-152547 append 230 9cdfc79b
RECV flow/original_260926-152547 append 230 770f8863
RECV flow/original_260926-152547 append 230 9890b0f4
RECV flow/original_260926-152547 append 191 79c4a5db
RECV flow/original_260926-152547 append 189 a84a3e8c
RECV flow/original_260926-152547 append 189 d09fae2a
RECV flow/original_260926-152547 append 146 a789a3ab
RECV flow/original_260926-152547 append 174 f5980e86
RECV flow/original_260926-152547 append 189 b1870f5d
RECV flow/original_260926-152547 append 175 7f069f74
RECV flow/original_260926-152547 append 189 eafc29bc
RECV flow/original_260926-152547 append 175 78de80b8
RECV flow/original_260926-152547 append 189 a403e1a4
RECV flow/original_260926-152547 append 175 cb2df567
RECV flow/original_260926-152547 append 238 b15bbcc8
RECV flow/original_260926-152547 append 238 62ac5c46
RECV flow/original_260926-152547 append 238 9ad1fe03
RECV flow/original_260926-152547 append 230 8905ef6c
RECV flow/original_260926-152547 append 230 669ad7fb
RECV flow/original_260926-152547 append 230 f6bcab0f
RECV flow/original_260926-152547 append 230 ed26571b
RECV flow/original_260926-152547 append 230 06f618e3
RECV flow/original_260926-152547 append 230 e9692074
RECV flow/original_260926-152547 append 176 17e39d6b
RECV flow/original_260926-152547 append 174 999835d3
RECV flow/original_260926-152547 append 174 110d8e22
RECV flow/original_260926-152547 append 146 8d885498
RECV flow/original_260926-152547 append 206 d62e9038
RECV flow/original_260926-152547 append 187 28c3e9ad
RECV flow/original_260926-152547 append 201 8c511c6e
RECV flow/original_260926-152547 append 195 5f33840e
RECV flow/original_260926-152547 append 189 40cff54c
RECV flow/original_260926-152547 append 203 306a68de
RECV flow/original_260926-152547 append 197 ad7a1e6c
RECV flow/original_260926-152547 append 203 b979f123
RECV flow/original_260926-152547 append 238 70292901
RECV flow/original_260926-152547 append 238 88548b44
RECV flow/original_260926-152547 append 238 a29ee570
RECV flow/original_260926-152547 append 230 76002646
RECV flow/original_260926-152547 append 230 e6265ab2
RECV flow/original_260926-152547 append 230 09b96225
RECV flow/original_260926-152547 append 230 166ce95e
RECV flow/original_260926-152547 append 230 f9f3d1c9
RECV flow/original_260926-152547 append 230 1abd70ef
RECV flow/original_260926-152547 append 218 0b223d2e
RECV flow/original_260926-152547 append 216 5302f38a
RECV flow/original_260926-152547 append 216 0d677865
RECV flow/original_260926-152547 append 146 25c8649d
RECV flow/original_260926-152547 append 216 32a2c468
RECV flow/original_260926-152547 append 204 4a4de551
RECV flow/original_260926-152547 append 218 bd3644c8
RECV flow/original_260926-152547 append 212 4e6b89ff
RECV flow/original_260926-152547 append 206 322c2224
RECV flow/original_260926-152547 append 220 3a6c4d86
RECV flow/original_260926-152547 append 214 e6605366
RECV flow/original_260926-152547 append 230 b00c8ca2
RECV flow/original_260926-152547 append 238 af847d22
RECV flow/original_260926-152547 append 238 854e1316
RECV flow/original_260926-152547 append 238 7d33b153
RECV flow/original_260926-152547 append 230 988aca4b
RECV flow/original_260926-152547 append 230 7715f2dc
RECV flow/original_260926-152547 append 230 9cc5bd24
RECV flow/original_260926-152547 append 230 875f4130
RECV flow/original_260926-152547 append 230 6411e016
RECV flow/original_260926-152547 append 230 8b8ed881
RECV flow/original_260926-152547 append 218 adaa2538
RECV flow/original_260926-152547 append 216 6e02bdac
RECV flow/original_260926-152547 append 216 673f52ae
RECV flow/original_260926-152547 append 146 218697a1
RECV flow/original_260926-152547 append 189 990a4aa9
RECV flow/original_260926-152547 append 196 8bcee2d4
RECV flow/original_260926-152547 append 182 f62f3c85
RECV flow/original_260926-152547 append 196 135166cb
RECV flow/original_260926-152547 append 182 7db3b0cf
RECV flow/original_260926-152547 append 196 c126ce53
RECV flow/original_260926-152547 append 182 2dfdc013
RECV flow/original_260926-152547 append 238 363c5d0e
RECV flow/original_260926-152547 append 238 1cf6333a
RECV flow/original_260926-152547 append 238 e48b917f
RECV flow/original_260926-152547 append 230 81dd81ee
RECV flow/original_260926-152547 append 230 6e42b979
RECV flow/original_260926-152547 append 230 8592f681
RECV flow/original_260926-152547 append 230 9e080a95
RECV flow/original_260926-152547 append 230 7d46abb3
RECV flow/original_260926-152547 append 230 92d99324
RECV flow/original_260926-152547 append 191 da4596cf
RECV flow/original_260926-152547 append 189 7515af5a
RECV flow/original_260926-152547 append 189 ae507c46
RECV flow/original_260926-152547 append 146 9e97b0ea
RECV flow/original_260926-152547 append 230 09f29f19
RECV flow/original_260926-152547 append 230 e66da78e
RECV flow/original_260926-152547 append 230 0dbde876
RECV flow/original_260926-152547 append 166 429a0af2
RECV flow/original_260926-152547 append 173 f5ce1c18
RECV flow/original_260926-152547 append 175 64289cef
RECV flow/original_260926-152547 append 171 4a24a3ca
RECV flow/original_260926-152547 append 189 d2aacf59
RECV flow/original_260926-152547 append 173 2fa6faf7
RECV flow/original_260926-152547 append 175 462255f7
RECV flow/original_260926-152547 append 185 fef13a54
RECV flow/original_260926-152547 append 203 8dad0bcc
RECV flow/original_260926-152547 append 175 f9f32d8b
RECV flow/original_260926-152547 append 173 3c5534f2
RECV flow/original_260926-152547 append 185 e02df68f
RECV flow/original_260926-152547 append 203 569d2b0f
RECV flow/original_260926-152547 append 222 76256262
RECV flow/original_260926-152547 append 222 c30b2d28
RECV flow/original_260926-152547 append 222 d707a4cb
RECV flow/original_260926-152547 append 222 38e2f0c7
RECV flow/original_260926-152547 append 222 733c4adf
RECV flow/original_260926-152547 append 222 c6120595
RECV flow/original_260926-152547 append 168 a3405f42
RECV flow/original_260926-152547 append 166 ca0ad14d
RECV flow/original_260926-152547 append 166 6092f40f
RECV flow/original_260926-152547 append 146 91977096
RECV flow/original_260926-152547 append 216 84f7c06d
RECV flow/original_260926-152547 append 214 62c55664
RECV flow/original_260926-152547 append 228 387054c2
RECV flow/original_260926-152547 append 222 0707dce7
RECV flow/original_260926-152547 append 216 cfa76bcb
RECV flow/original_260926-152547 append 230 9380af63
RECV flow/original_260926-152547 append 224 92e385fc
RECV flow/original_260926-152547 append 230 8c2e2baf
RECV flow/original_260926-152547 append 238 e4a6b3f4
RECV flow/original_260926-152547 append 238 1cdb11b1
RECV flow/original_260926-152547 append 238 cf2cf13f
RECV flow/original_260926-152547 append 230 ce6383f6
RECV flow/original_260926-152547 append 230 3c10ff6c
RECV flow/original_260926-152547 append 230 d38fc7fb
RECV flow/original_260926-152547 append 230 6aa54c32
RECV flow/original_260926-152547 append 230 853a74a5
RECV flow/original_260926-152547 append 230 6eea3b5d
RECV flow/original_260926-152547 append 218 26f81eee
RECV flow/original_260926-152547 append 216 ab34f8bc
RECV flow/original_260926-152547 append 216 f5517353
RECV flow/original_260926-152547 append 146 e46e0f65
RECV flow/original_260926-152547 append 173 9a4b806f
RECV flow/original_260926-152547 append 180 650044dd
RECV flow/original_260926-152547 append 188 9f50519b
RECV flow/original_260926-152547 append 180 387d0643
RECV flow/original_260926-152547 append 222 d41563e4
RECV flow/original_260926-152547 append 222 d016b47b
RECV flow/original_260926-152547 append 151 b0b44fb6
RECV flow/original_260926-152547 append 153 31558837
RECV flow/original_260926-152547 append 153 7c065533
RECV flow/original_260926-152547 append 180 27d58b01
RECV flow/original_260926-152547 append 174003 143d172b
RECV flow/original_260926-152547 append 133 7df68937
RECV flow/original_260926-152547 append 150 4c6a1910
RECV flow/original_260926-152547 append 319 761df5c1
RECV flow/original_260926-152547 append 93 95b7dd5c
RECV flow/original_260926-152547 append 99 f9912a97
RECV flow/original_260926-152547 append 73 7ab1947e
RECV flow/original_260926-152547 append 94 ed369b2a
RECV flow/original_260926-152547 append 41 3a6c82ec
RECV flow/original_260926-152547 append 39 566d5c48
RECV flow/original_260926-152547 append 63 e8eb6eed
RECV flow/original_260926-152547 append 65 e9d34036
RECV flow/original_260926-152547 append 80 d8737d6b
RECV flow/original_260926-152547 append 77 fcf89123
RECV flow/original_260926-152547 append 77 4b47bc91
RECV flow/original_260926-152547 append 77 dafe88de
RECV flow/original_260926-152547 append 41 f6ddeb91
RECV flow/original_260926-152547 append 46 95c14521
RECV flow/original_260926-152547 append 41 14b55100
RECV flow/original_260926-152547 append 46 9c8a1f38
RECV flow/original_260926-152547 append 41 a4d29271
RECV flow/original_260926-152547 append 46 8201d723
RECV flow/original_260926-152547 append 41 01b1b1c4
RECV flow/original_260926-152547 append 46 a1c12e9d
RECV flow/original_260926-152547 append 41 c6ce1cb1
RECV flow/original_260926-152547 append 46 2465adc1
RECV flow/original_260926-152547 append 41 66795487
RECV flow/original_260926-152547 append 46 90400669
RECV flow/original_260926-152547 append 62 564d200f
RECV flow/original_260926-152547 append 56 e7b6d9e9
RECV flow/original_260926-152547 append 74 3ced05d6
RECV flow/original_260926-152547 append 72 72467f47
RECV flow/original_260926-152547 append 79 6ee76010
RECV flow/original_260926-152547 append 61 9744e88e
RECV flow/original_260926-152547 append 49 73d53b37
RECV flow/original_260926-152547 append 80 ef5fd5e4
RECV flow/original_260926-152547 append 106 91880454
RECV flow/original_260926-152547 append 71 2074bc08
RECV flow/original_260926-152547 append 73 5cd80079
RECV flow/original_260926-152547 append 77 8fcfa4c9
RECV flow/original_260926-152547 append 44 e9198f41
RECV flow/original_260926-152547 append 52 5c2f717e
RECV flow/original_260926-152547 append 49 0b9f13b2
RECV flow/original_260926-152547 append 98 1226e2e6
RECV flow/original_260926-152547 append 100 86d49415
RECV flow/original_260926-152547 append 72 fb54cb00
RECV flow/original_260926-152547 append 95 7ba9d4f1
RECV flow/original_260926-152547 append 114 2796893f
RECV flow/original_260926-152547 append 68 2c70a3a7
RECV flow/original_260926-152547 append 88 3f7dc1ec
RECV flow/original_260926-152547 append 82 d095eab8
RECV flow/original_260926-152547 append 86 a6270558
RECV flow/original_260926-152547 append 82 6788bd06
RECV flow/original_260926-152547 append 87 9ec52200
RECV flow/original_260926-152547 append 83 9791ca8f
RECV flow/original_260926-152547 append 149 d97c6389
RECV flow/original_260926-152547 append 68 05ca8d2f
RECV flow/original_260926-152547 append 83 4bcb6ca2
RECV flow/original_260926-152547 append 77 5b7e877d
RECV flow/original_260926-152547 append 88 6f0464e7
RECV flow/original_260926-152547 append 88 846ddcf2
RECV flow/original_260926-152547 append 97 e833507f
RECV flow/original_260926-152547 append 85 2b437a92
RECV flow/original_260926-152547 append 87 06661164
RECV flow/original_260926-152547 append 85 5eac3a55
RECV flow/original_260926-152547 append 90 5da485a3
RECV flow/original_260926-152547 append 87 c2f42366
RECV flow/original_260926-152547 append 49 015d5390
RECV flow/original_260926-152547 append 75 19dda2de
RECV flow/original_260926-152547 append 76 f0054ecb
RECV flow/original_260926-152547 append 75 a9581953
RECV flow/original_260926-152547 append 48 e1b065b6
RECV flow/original_260926-152547 append 187 ed42a017
RECV flow/original_260926-152547 append 64 0741d212
RECV flow/original_260926-152547 append 80 3e553f9d
RECV flow/original_260926-152547 append 92 b7142331
RECV flow/original_260926-152547 append 64 c0556dee
RECV flow/original_260926-152547 append 53 95469614
RECV flow/original_260926-152547 append 61 af8083dc
RECV flow/original_260926-152547 append 78 80906e86
RECV flow/original_260926-152547 append 64 73c1a42f
RECV flow/original_260926-152547 append 69 305b1087
RECV flow/original_260926-152547 append 214 4271f6e7
RECV flow/original_260926-152547 append 59 d6644f3e
RECV flow/original_260926-152547 append 72 b0b2b4aa
RECV flow/original_260926-152547 append 78 7c1e6d40
RECV flow/original_260926-152547 append 92 d66a21c9
RECV flow/original_260926-152547 append 44 145f19f7
RECV flow/original_260926-152547 append 73 93e7cc06
RECV flow/original_260926-152547 append 75 498df243
RECV flow/original_260926-152547 append 78 bbd59201
RECV flow/original_260926-152547 append 87 c4f710f8
RECV flow/original_260926-152547 append 82 1417a4e9
RECV flow/original_260926-152547 append 78 b6cbb2e5
RECV flow/original_260926-152547 append 49 b7e0d595
RECV flow/original_260926-152547 append 44 9b6b8582
RECV flow/original_260926-152547 append 43 03d2ecec
RECV flow/original_260926-152547 append 51 a6f7e848
RECV flow/original_260926-152547 append 82 20b163c2
RECV flow/original_260926-152547 append 78 cfae1b6d
RECV flow/original_260926-152547 append 49 49de0929
RECV flow/original_260926-152547 append 43 5514e6fd
RECV flow/original_260926-152547 append 51 a104edfc
RECV flow/original_260926-152547 append 82 1246c8b4
RECV flow/original_260926-152547 append 78 82e99c99
RECV flow/original_260926-152547 append 49 49332758
RECV flow/original_260926-152547 append 44 4d2038a6
RECV flow/original_260926-152547 append 43 f6a8f3f2
RECV flow/original_260926-152547 append 51 174d7a71
RECV flow/original_260926-152547 append 78 17e6020c
RECV flow/original_260926-152547 append 68 1e0b1327
RECV flow/original_260926-152547 append 97 50886b87
RECV flow/original_260926-152547 append 116 8dbde290
RECV flow/original_260926-152547 append 81 28508337
RECV flow/original_260926-152547 append 83 feceb41e
RECV flow/original_260926-152547 append 87 6a226a40
RECV flow/original_260926-152547 append 58 7fc12200
RECV flow/original_260926-152547 append 66 469529b7
RECV flow/original_260926-152547 append 63 6d037909
RECV flow/original_260926-152547 append 108 fe83c3b6
RECV flow/original_260926-152547 append 110 1882938d
RECV flow/original_260926-152547 append 105 8c7c76ea
RECV flow/original_260926-152547 append 136 d7c30e56
RECV flow/original_260926-152547 append 154 1e1e6211
RECV flow/original_260926-152547 append 104 c21aa921
RECV flow/original_260926-152547 append 98 3d704bbb
RECV flow/original_260926-152547 append 102 6af42170
RECV flow/original_260926-152547 append 98 ad14ab16
RECV flow/original_260926-152547 append 103 e1ca2898
RECV flow/original_260926-152547 append 99 f018587c
RECV flow/original_260926-152547 append 165 80d165d8
RECV flow/original_260926-152547 append 84 61a09855
RECV flow/original_260926-152547 append 99 176f181f
RECV flow/original_260926-152547 append 93 3a9b0e92
RECV flow/original_260926-152547 append 104 f558c04d
RECV flow/original_260926-152547 append 104 681e26e4
RECV flow/original_260926-152547 append 113 38c7c29c
RECV flow/original_260926-152547 append 101 f060f15d
RECV flow/original_260926-152547 append 103 9fefb067
RECV flow/original_260926-152547 append 101 bc1d081d
RECV flow/original_260926-152547 append 106 5c4a8484
RECV flow/original_260926-152547 append 103 026b999e
RECV flow/original_260926-152547 append 65 236ed191
RECV flow/original_260926-152547 append 91 12dc8f42
RECV flow/original_260926-152547 append 92 d9fc366a
RECV flow/original_260926-152547 append 91 406e39d5
RECV flow/original_260926-152547 append 64 79e4c52a
RECV flow/original_260926-152547 append 203 726851c7
RECV flow/original_260926-152547 append 74 ee39b3d1
RECV flow/original_260926-152547 append 90 a3181174
RECV flow/original_260926-152547 append 102 4df74add
RECV flow/original_260926-152547 append 74 54d1c1de
RECV flow/original_260926-152547 append 63 416fd7d7
RECV flow/original_260926-152547 append 71 f3753382
RECV flow/original_260926-152547 append 88 ce2fa50c
RECV flow/original_260926-152547 append 74 55bdab4a
RECV flow/original_260926-152547 append 79 a1c60996
RECV flow/original_260926-152547 append 224 099cb969
RECV flow/original_260926-152547 append 69 fa0a7595
RECV flow/original_260926-152547 append 79 312f4cd6
RECV flow/original_260926-152547 append 85 b5f27604
RECV flow/original_260926-152547 append 48 e7405fa4
RECV flow/original_260926-152547 append 93 5ad93aa2
RECV flow/original_260926-152547 append 49 ea8f7d0b
RECV flow/original_260926-152547 append 68 3f851f24
RECV flow/original_260926-152547 append 70 2513c418
RECV flow/original_260926-152547 append 85 477b9465
RECV flow/original_260926-152547 append 99 0777bcb3
RECV flow/original_260926-152547 append 53 4b28888a
RECV flow/original_260926-152547 append 59 3f85d2cc
RECV flow/original_260926-152547 append 48 6ba9debb
RECV flow/original_260926-152547 append 49 1ea208b2
RECV flow/original_260926-152547 append 49 dfb9e576
RECV flow/original_260926-152547 append 51 178da4ad
RECV flow/original_260926-152547 append 53 c0ae1a14
RECV flow/original_260926-152547 append 51 06da7b4f
RECV flow/original_260926-152547 append 55 ed28a8cd
RECV flow/original_260926-152547 append 55 3397c04e
RECV flow/original_260926-152547 append 57 2996aeec
RECV flow/original_260926-152547 append 57 4141f6c8
RECV flow/original_260926-152547 append 60 cd4db3f7
RECV flow/original_260926-152547 append 58 2015a5e7
RECV flow/original_260926-152547 append 57 f3d1bd7b
RECV flow/original_260926-152547 append 60 5d37e300
RECV flow/original_260926-152547 append 59 8e2daf23
RECV flow/original_260926-152547 append 60 e26e3357
RECV flow/original_260926-152547 append 60 25d7ea53
RECV flow/original_260926-152547 append 53 fcbf4a90
RECV flow/original_260926-152547 append 54 0482d0c3
RECV flow/original_260926-152547 append 56 723948cf
RECV flow/original_260926-152547 append 55 8e6f6267
RECV flow/original_260926-152547 append 54 409bb0ca
RECV flow/original_260926-152547 append 60 cbd4ddbe
RECV flow/original_260926-152547 append 59 6cff9b28
RECV flow/original_260926-152547 append 59 f0883f8f
RECV flow/original_260926-152547 append 66 4b943f5f
RECV flow/original_260926-152547 append 54 c52c68fc
RECV flow/original_260926-152547 append 78 e378e866
RECV flow/original_260926-152547 append 231 c17bc81c
RECV flow/original_260926-152547 append 76 912fd656
RECV flow/original_260926-152547 append 103 485a23b4
RECV flow/original_260926-152547 append 73 cee15161
RECV flow/original_260926-152547 append 72 2cec4d5d
RECV flow/original_260926-152547 append 59 f463a82b
RECV flow/original_260926-152547 append 78 457a4d48
RECV flow/original_260926-152547 append 80 d1b1ffc6
RECV flow/original_260926-152547 append 109 f8ace387
RECV flow/original_260926-152547 append 41 846785ac
RECV flow/original_260926-152547 append 44 44097efa
RECV flow/original_260926-152547 append 100 789f5224
RECV flow/original_260926-152547 append 52 d1ba53ac
RECV flow/original_260926-152547 append 99 83562e38
RECV flow/original_260926-152547 append 130 81c06aa4
RECV flow/original_260926-152547 append 76 c5cb81d7
RECV flow/original_260926-152547 append 64 09b4b530
RECV flow/original_260926-152547 append 102 573012b5
RECV flow/original_260926-152547 append 255 73843617
RECV flow/original_260926-152547 append 100 d4643d82
RECV flow/original_260926-152547 append 102 13b5c9a2
RECV flow/original_260926-152547 append 92 b31f20c7
RECV flow/original_260926-152547 append 91 710be4a9
RECV flow/original_260926-152547 append 71 a9340d38
RECV flow/original_260926-152547 append 54 f0fdc142
RECV flow/original_260926-152547 append 80 6ce0d26f
RECV flow/original_260926-152547 append 82 17277e7e
RECV flow/original_260926-152547 append 108 14632ace
RECV flow/original_260926-152547 append 106 84399068
RECV flow/original_260926-152547 append 56 fb5b536e
RECV flow/original_260926-152547 append 61 44c592a8
RECV flow/original_260926-152547 append 57 e3e62abf
RECV flow/original_260926-152547 append 59 ae6aae40
RECV flow/original_260926-152547 append 65 ebd2dd91
RECV flow/original_260926-152547 append 62 79e8a542
RECV flow/original_260926-152547 append 45 c676161b
RECV flow/original_260926-152547 append 53 2e7f2c0b
RECV flow/original_260926-152547 append 62 f9a50e8c
RECV flow/original_260926-152547 append 64 50600b00
RECV flow/original_260926-152547 append 62 aa0d687d
RECV flow/original_260926-152547 append 58 81c9d936
RECV flow/original_260926-152547 append 53 5150153a
RECV flow/original_260926-152547 append 55 f47b5ff6
RECV flow/original_260926-152547 append 64 18f77eab
RECV flow/original_260926-152547 append 92 a0386979
RECV flow/original_260926-152547 append 98 170724fc
RECV flow/original_260926-152547 append 88 f2c79a3c
RECV flow/original_260926-152547 append 102 8a244c81
RECV flow/original_260926-152547 append 108 476249a7
RECV flow/original_260926-152547 append 98 10d9baa0
RECV flow/original_260926-152547 append 129 0aaf715a
RECV flow/original_260926-152547 append 41 5288118e
RECV flow/original_260926-152547 append 76 d613cf3c
RECV flow/original_260926-152547 append 58 17177677
RECV flow/original_260926-152547 append 67 e30b3824
RECV flow/original_260926-152547 append 74 bd580cb8
RECV flow/original_260926-152547 append 98 9f2da6c7
RECV flow/original_260926-152547 append 106 ab03ff51
RECV flow/original_260926-152547 append 116 de274d36
RECV flow/original_260926-152547 append 117 f057a1c3
RECV flow/original_260926-152547 append 116 6043919f
RECV flow/original_260926-152547 append 117 af7f010a
RECV flow/original_260926-152547 append 116 4d6b50a6
RECV flow/original_260926-152547 append 117 5973a617
RECV flow/original_260926-152547 append 116 f8ea1673
RECV flow/original_260926-152547 append 117 98174971
RECV flow/original_260926-152547 append 116 fd18db4d
RECV flow/original_260926-152547 append 56 a2189c56
RECV flow/original_260926-152547 append 123 a5543225
RECV flow/original_260926-152547 append 88 7270a9ea
RECV flow/original_260926-152547 append 90 8a0f636f
RECV flow/original_260926-152547 append 94 2a942c39
RECV flow/original_260926-152547 append 54 4f0445b8
RECV flow/original_260926-152547 append 63 f0a07461
RECV flow/original_260926-152547 append 76 00e2cad5
RECV flow/original_260926-152547 append 49 6fc12997
RECV flow/original_260926-152547 append 108 112f3a67
RECV flow/original_260926-152547 append 92 26bfbda9
RECV flow/original_260926-152547 append 156 c4b5f02a
RECV flow/original_260926-152547 append 93 1e7a0eff
RECV flow/original_260926-152547 append 93 68884b74
RECV flow/original_260926-152547 append 85 342eba7c
RECV flow/original_260926-152547 append 77 25b501d8
RECV flow/original_260926-152547 append 97 dbafe21f
RECV flow/original_260926-152547 append 121 599a9354
RECV flow/original_260926-152547 append 96 4671cb77
RECV flow/original_260926-152547 append 130 20fb3116
RECV flow/original_260926-152547 append 147 c57fad7b
RECV flow/original_260926-152547 append 134 39d5bd9e
RECV flow/original_260926-152547 append 142 aa87504e
RECV flow/original_260926-152547 append 123 fe0ea9ca
RECV flow/original_260926-152547 append 248 fcb22561
RECV flow/original_260926-152547 append 125 96e81287
RECV flow/original_260926-152547 append 114 69ed7722
RECV flow/original_260926-152547 append 108 aecb318e
RECV flow/original_260926-152547 append 112 cd2a3026
RECV flow/original_260926-152547 append 108 deb25b21
RECV flow/original_260926-152547 append 113 12d4ea11
RECV flow/original_260926-152547 append 109 ca65260b
RECV flow/original_260926-152547 append 175 afabdf3f
RECV flow/original_260926-152547 append 94 75ba8b5c
RECV flow/original_260926-152547 append 109 e9fda1df
RECV flow/original_260926-152547 append 103 148339eb
RECV flow/original_260926-152547 append 114 fa9777a9
RECV flow/original_260926-152547 append 114 1ed5ee41
RECV flow/original_260926-152547 append 123 941fa46c
RECV flow/original_260926-152547 append 111 b4fa7c2c
RECV flow/original_260926-152547 append 113 855cf888
RECV flow/original_260926-152547 append 111 c46c4f07
RECV flow/original_260926-152547 append 116 be8fa0c4
RECV flow/original_260926-152547 append 113 a3e9e4eb
RECV flow/original_260926-152547 append 75 6e551925
RECV flow/original_260926-152547 append 101 b4131004
RECV flow/original_260926-152547 append 102 662bbf3d
RECV flow/original_260926-152547 append 101 3d661cc9
RECV flow/original_260926-152547 append 74 4fa7778e
RECV flow/original_260926-152547 append 213 b1da4e44
RECV flow/original_260926-152547 append 84 779bc9a7
RECV flow/original_260926-152547 append 100 3cb176cc
RECV flow/original_260926-152547 append 112 62a11abc
RECV flow/original_260926-152547 append 84 72e0a6fa
RECV flow/original_260926-152547 append 73 42b0b784
RECV flow/original_260926-152547 append 81 cf8928c5
RECV flow/original_260926-152547 append 95 39e79886
RECV flow/original_260926-152547 append 81 ea20e03b
RECV flow/original_260926-152547 append 109 0626b2b8
RECV flow/original_260926-152547 append 254 05b7139f
RECV flow/original_260926-152547 append 99 d020b7b2
RECV flow/original_260926-152547 append 70 31a629b8
RECV flow/original_260926-152547 append 66 1074d69e
RECV flow/original_260926-152547 append 85 67de3e7a
RECV flow/original_260926-152547 append 87 5c4de125
RECV flow/original_260926-152547 append 107 802360f9
RECV flow/original_260926-152547 append 93 bd400822
RECV flow/original_260926-152547 append 48 1088dc57
RECV flow/original_260926-152547 append 51 91b0cbd6
RECV flow/original_260926-152547 append 51 9d8fae50
RECV flow/original_260926-152547 append 55 e94938e0
RECV flow/original_260926-152547 append 97 226e6524
RECV flow/original_260926-152547 append 128 ff92743c
RECV flow/original_260926-152547 append 83 ed6ccd74
RECV flow/original_260926-152547 append 71 19b56fe8
RECV flow/original_260926-152547 append 100 56f50ceb
RECV flow/original_260926-152547 append 253 c5d6536d
RECV flow/original_260926-152547 append 98 8e2738bd
RECV flow/original_260926-152547 append 100 03d1f6d7
RECV flow/original_260926-152547 append 90 d6481871
RECV flow/original_260926-152547 append 93 dd283776
RECV flow/original_260926-152547 append 112 a69b00d2
RECV flow/original_260926-152547 append 114 1a573558
RECV flow/original_260926-152547 append 112 5681b804
RECV flow/original_260926-152547 append 104 f0817bac
RECV flow/original_260926-152547 append 65 69071a10
RECV flow/original_260926-152547 append 76 8a8fdf51
RECV flow/original_260926-152547 append 61 063f11bb
RECV flow/original_260926-152547 append 81 79f840fe
RECV flow/original_260926-152547 append 55 1274cb0a
RECV flow/original_260926-152547 append 95 8b50c4a2
RECV flow/original_260926-152547 append 102 ab27062a
RECV flow/original_260926-152547 append 133 6e28b37c
RECV flow/original_260926-152547 append 110 c4956c52
RECV flow/original_260926-152547 append 98 020bc585
RECV flow/original_260926-152547 append 105 df6779db
RECV flow/original_260926-152547 append 258 80c2a7a0
RECV flow/original_260926-152547 append 103 1fd2cd56
RECV flow/original_260926-152547 append 105 33f2725c
RECV flow/original_260926-152547 append 75 df649fc7
RECV flow/original_260926-152547 append 95 b328ec2f
RECV flow/original_260926-152547 append 172 52b3df46
RECV flow/original_260926-152547 append 359 02963e98
RECV flow/original_260926-152547 append 284 c94c0251
RECV flow/original_260926-152547 append 285 13d9eb95
RECV flow/original_260926-152547 append 234 9b93fcde
RECV flow/original_260926-152547 append 265 a93216b2
RECV flow/original_260926-152547 append 265 fde59b8a
RECV flow/original_260926-152547 append 198 b72aacdc
RECV flow/original_260926-152547 append 179 f60678b1
RECV flow/original_260926-152547 append 176 e10f0280
RECV flow/original_260926-152547 append 218 e155f20c
RECV flow/original_260926-152547 append 268 31e24991
RECV flow/original_260926-152547 append 236 2bcc1117
RECV flow/original_260926-152547 append 267 c329787a
RECV flow/original_260926-152547 append 227 4c84c0c3
RECV flow/original_260926-152547 append 266 bf3e2063
RECV flow/original_260926-152547 append 308 39d74a0e
RECV flow/original_260926-152547 append 224 c48802a7
RECV flow/original_260926-152547 append 336 21e67f25
RECV flow/original_260926-152547 append 356 c358d6f4
RECV flow/original_260926-152547 append 399 5db33bc8
RECV flow/original_260926-152547 append 397 2c130be6
RECV flow/original_260926-152547 append 286 94607d6f
RECV flow/original_260926-152547 append 298 4333987c
RECV flow/original_260926-152547 append 305 1c9f8948
RECV flow/original_260926-152547 append 403 dd5beba9
RECV flow/original_260926-152547 append 306 b595b35e
RECV flow/original_260926-152547 append 324 58ff8dda
RECV flow/original_260926-152547 append 307 fe9fab97
RECV flow/original_260926-152547 append 161 c3928748
RECV flow/original_260926-152547 append 324 a9bc5ae7
RECV flow/original_260926-152547 append 297 ea622939
RECV flow/original_260926-152547 append 265 6d8e85dc
RECV flow/original_260926-152547 append 257 1200f0e9
RECV flow/original_260926-152547 append 349 f4448722
RECV flow/original_260926-152547 append 357 4bdeecf6
RECV flow/original_260926-152547 append 290 75411443
RECV flow/original_260926-152547 append 363 1b886ec1
RECV flow/original_260926-152547 append 321 bb19d504
RECV flow/original_260926-152547 append 344 51248dc0
RECV flow/original_260926-152547 append 356 214f5b68
RECV flow/original_260926-152547 append 243 15707839
RECV flow/original_260926-152547 append 230 06b71339
RECV flow/original_260926-152547 append 315 c5e28798
RECV flow/original_260926-152547 append 227 7d42e18d
RECV flow/original_260926-152547 append 314 7727f1ad
RECV flow/original_260926-152547 append 317 bb1f89b3
RECV flow/original_260926-152547 append 254 ceb93e65
RECV flow/original_260926-152547 append 299 6f5d3fc5
RECV flow/original_260926-152547 append 285 bb87d0b8
RECV flow/original_260926-152547 append 282 1ea47c33
RECV flow/original_260926-152547 append 332 492d60d9
RECV flow/original_260926-152547 append 341 a186851a
RECV flow/original_260926-152547 append 209 593acf67
RECV flow/original_260926-152547 append 351 087c7d84
RECV flow/original_260926-152547 append 271 7766bbdb
RECV flow/original_260926-152547 append 265 ceaf720d
RECV flow/original_260926-152547 append 289 f70a5e6d
RECV flow/original_260926-152547 append 194 4c030a95
RECV flow/original_260926-152547 append 303 45c9aa8c
RECV flow/original_260926-152547 append 222 3667ae8f
RECV flow/original_260926-152547 append 197 e8fbc121
RECV flow/original_260926-152547 append 248 e6ff57ca
RECV flow/original_260926-152547 append 235 0f013e4b
RECV flow/original_260926-152547 append 248 28278d41
RECV flow/original_260926-152547 append 211 73ca6729
RECV flow/original_260926-152547 append 315 f42e052d
RECV flow/original_260926-152547 append 241 e5d66866
RECV flow/original_260926-152547 append 255 a6e44343
RECV flow/original_260926-152547 append 319 63082ead
RECV flow/original_260926-152547 append 365 ab3e5cb8
RECV flow/original_260926-152547 append 303 75e1303d
RECV flow/original_260926-152547 append 162 c420c512
RECV flow/original_260926-152547 append 128 f7643691
RECV flow/original_260926-152547 append 149 e5e15392
RECV flow/original_260926-152547 append 345 18512353
RECV flow/original_260926-152547 append 147 d8be8804
RECV flow/original_260926-152547 append 218 4a5a701a
RECV flow/original_260926-152547 append 184 bb7709ae
RECV flow/original_260926-152547 append 71 510a353b
RECV flow/original_260926-152547 append 311 a5698327
RECV flow/original_260926-152547 append 365 3e7e1565
RECV flow/original_260926-152547 append 312 5a4b431e
RECV flow/original_260926-152547 append 310 7046e62a
RECV flow/original_260926-152547 append 65 b408bdab
RECV flow/original_260926-152547 append 223 24814850
RECV flow/original_260926-152547 append 309 61755ff3
RECV flow/original_260926-152547 append 292 e2d8f647
RECV flow/original_260926-152547 append 163 39494f36
RECV flow/original_260926-152547 append 278 1d2f477f
RECV flow/original_260926-152547 append 76 7223b40a
RECV flow/original_260926-152547 append 96 18dde573
RECV flow/original_260926-152547 append 98 16b8a962
RECV flow/original_260926-152547 append 296 5cbc04fd
RECV flow/original_260926-152547 append 121 017f23db
RECV flow/original_260926-152547 append 383 466a06a1
RECV flow/original_260926-152547 append 329 7637d576
RECV flow/original_260926-152547 append 257 c25aa865
RECV flow/original_260926-152547 append 238 19baea23
RECV flow/original_260926-152547 append 319 4bc37dd0
RECV flow/original_260926-152547 append 427 c31c0d7b
RECV flow/original_260926-152547 append 264 ed7bd400
RECV flow/original_260926-152547 append 194 138240a2
RECV flow/original_260926-152547 append 280 391007d6
RECV flow/original_260926-152547 append 265 da90dd6e
RECV flow/original_260926-152547 append 266 c8713f69
RECV flow/original_260926-152547 append 327 780c1bc2
RECV probe-test append 11 ce8624aa
RECV _transport_probe append 8 bae8b924
RECV _transport_probe append 8 91c5eae7
RECV _transport_probe append 8 88dedba6
RECV _transport_probe append 8 c79f4d61
RECV _transport_probe append 8 de847c20
RECV _transport_probe append 8 f5a92fe3
RECV _transport_probe append 8 ecb21ea2
RECV _transport_probe append 8 6b2a026d
RECV _transport_probe append 8 7231332c
RECV _transport_probe append 9 2bc7d482
RECV _transport_probe append 9 32dce5c3
RECV _transport_probe append 9 19f1b600
RECV _transport_probe append 9 00ea8741
RECV _transport_probe append 9 4fab1186
RECV _transport_probe append 9 56b020c7
RECV _transport_probe append 9 7d9d7304
RECV _transport_probe append 9 64864245
RECV _transport_probe append 9 e31e5e8a
RECV _transport_probe append 9 fa056fcb
RECV _transport_probe append 9 29816adb
